==================================================
Input: (+ 3.14 (* 4 7)
--------------------------------------------------
Tokens
--------------------------------------------------
LITERAL              : (
ID                   : +
INT                  : 3
REAL                 : .14
LITERAL              : (
ID                   : *
INT                  : 4
INT                  : 7
LITERAL              : )
--------------------------------------------------
Threw an exception on invalid input.
